--------- beginning of main
04-19 02:48:49.212 16771 16771 I ImeTracker: com.meemaw.assist:fccbe574: onRequestHide at ORIGIN_CLIENT_HIDE_SOFT_INPUT reason HIDE_SOFT_INPUT
04-19 02:48:49.313 16771 16771 W WindowOnBackDispatcher: sendCancelIfRunning: isInProgress=falsecallback=ImeCallback=ImeOnBackInvokedCallback@180171510 Callback=android.window.IOnBackInvokedCallback$Stub$Proxy@4e19e73
04-19 02:48:49.415 16771 16923 D DecoupledTextDelegate: Start loading thick OCR module.
04-19 02:48:49.416 16771 16923 I DynamiteModule: Considering local module com.google.mlkit.dynamite.text.latin:10000 and remote module com.google.mlkit.dynamite.text.latin:0
04-19 02:48:49.416 16771 16923 I DynamiteModule: Selected local version of com.google.mlkit.dynamite.text.latin
04-19 02:48:49.416 16771 16920 D TransportRuntime.JobInfoScheduler: Scheduling upload for context TransportContext(cct, DEFAULT, MSRodHRwczovL2ZpcmViYXNlbG9nZ2luZy5nb29nbGVhcGlzLmNvbS92MGNjL2xvZy9iYXRjaD9mb3JtYXQ9anNvbl9wcm90bzNc) with jobId=-568253420 in 765591ms(Backend next call timestamp 1776560495007). Attempt 1
04-19 02:48:49.418 16771 16920 D CompatibilityChangeReporter: Compat change id reported: 194532703; UID 10190; state: ENABLED
04-19 02:48:49.419 16771 16920 D CompatibilityChangeReporter: Compat change id reported: 253665015; UID 10190; state: ENABLED
04-19 02:48:49.429 16771 16920 D TransportRuntime.JobInfoScheduler: Scheduling upload for context TransportContext(cct, VERY_LOW, MSRodHRwczovL2ZpcmViYXNlbG9nZ2luZy5nb29nbGVhcGlzLmNvbS92MGNjL2xvZy9iYXRjaD9mb3JtYXQ9anNvbl9wcm90bzNc) with jobId=-563272683 in 86400000ms(Backend next call timestamp 0). Attempt 1
04-19 02:48:49.442 16771 16771 I ImeTracker: com.meemaw.assist:72ad4532: onRequestHide at ORIGIN_CLIENT_HIDE_SOFT_INPUT reason HIDE_SOFT_INPUT_BY_INSETS_API
04-19 02:48:49.446 16771 16771 I ImeTracker: com.meemaw.assist:fccbe574: onHidden
04-19 02:48:49.514 16771 16920 D TransportRuntime.SQLiteEventStore: Storing event with priority=DEFAULT, name=FIREBASE_ML_SDK for destination cct
04-19 02:48:49.526 16771 16920 D TransportRuntime.JobInfoScheduler: Upload for context TransportContext(cct, DEFAULT, MSRodHRwczovL2ZpcmViYXNlbG9nZ2luZy5nb29nbGVhcGlzLmNvbS92MGNjL2xvZy9iYXRjaD9mb3JtYXQ9anNvbl9wcm90bzNc) is already scheduled. Returning...
04-19 02:48:49.562 16771 16920 D TransportRuntime.SQLiteEventStore: Storing event with priority=VERY_LOW, name=FIREBASE_ML_SDK for destination cct
04-19 02:48:49.567 16771 16920 D TransportRuntime.JobInfoScheduler: Upload for context TransportContext(cct, VERY_LOW, MSRodHRwczovL2ZpcmViYXNlbG9nZ2luZy5nb29nbGVhcGlzLmNvbS92MGNjL2xvZy9iYXRjaD9mb3JtYXQ9anNvbl9wcm90bzNc) is already scheduled. Returning...
04-19 02:48:49.579 16771 16920 D TransportRuntime.SQLiteEventStore: Storing event with priority=VERY_LOW, name=FIREBASE_ML_SDK for destination cct
04-19 02:48:49.586 16771 16920 D TransportRuntime.JobInfoScheduler: Upload for context TransportContext(cct, VERY_LOW, MSRodHRwczovL2ZpcmViYXNlbG9nZ2luZy5nb29nbGVhcGlzLmNvbS92MGNjL2xvZy9iYXRjaD9mb3JtYXQ9anNvbl9wcm90bzNc) is already scheduled. Returning...
04-19 02:48:49.617 16771 16925 I native  : I0000 00:00:1776559729.617747   16925 asset_manager_util.cc:61] Created global reference to asset manager.
04-19 02:48:49.687 16771 16925 I Manager : DeviceManager::DeviceManager
04-19 02:48:49.687 16771 16925 W ServerFlag: Failed to parse result of GetServerConfigurableFlag, errno=34
04-19 02:48:49.687 16771 16925 I Manager : findAvailableDevices
04-19 02:48:49.704 16771 16925 I Manager : Found interface nnapi-sample_all (version = JUST_AN_EXAMPLE)
04-19 02:48:49.704 16771 16925 I Manager : Found interface nnapi-sample_quant (version = JUST_AN_EXAMPLE)
04-19 02:48:49.704 16771 16925 I Manager : Found interface nnapi-sample_sl_shim (version = JUST_AN_EXAMPLE)
04-19 02:48:49.718 16771 16928 I native  : I0000 00:00:1776559729.718351   16928 text_classifier.cc:32] Creating classifier TfliteTextClassifier
04-19 02:48:49.718 16771 16927 I native  : I0000 00:00:1776559729.718778   16927 text_detector_thread_pool_context.cc:38] Compute manager max in flight region detector overwrite: 1
04-19 02:48:49.719 16771 16928 I native  : I0000 00:00:1776559729.719458   16928 common_util.h:41] Resizing Thread Pool: ocr_segm to 3
04-19 02:48:49.719 16771 16927 I native  : I0000 00:00:1776559729.719915   16927 common_util.h:41] Resizing Thread Pool: ocr_det_0 to 3
04-19 02:48:49.726 16771 16928 I native  : I0000 00:00:1776559729.726231   16928 tflite_lstm_client_base.cc:371] Resizing interpreter pool to 4
04-19 02:48:49.732 16771 16927 I tflite  : Initialized TensorFlow Lite runtime.
04-19 02:48:49.735 16771 16927 I tflite  : Created TensorFlow Lite XNNPACK delegate for CPU.
04-19 02:48:49.736 16771 16928 I native  : I0000 00:00:1776559729.736418   16928 multi_pass_line_recognition_mutator.cc:342] Preloading recognizers.
04-19 02:48:49.737 16771 16927 I tflite  : Replacing 44 out of 46 node(s) with delegate (TfLiteXNNPackDelegate) node, yielding 3 partitions for the whole graph.
04-19 02:48:49.741 16771 16927 I native  : I0000 00:00:1776559729.741023   16927 tflite_detector_client_with_shape_cache.cc:105] Caching size: 10
04-19 02:48:49.741 16771 16938 I native  : I0000 00:00:1776559729.741676   16938 tflite_model_pooled_runner.cc:625] Loading mlkit-google-ocr-models/gocr/gocr_models/line_recognition_legacy_mobile/Latn_ctc/optical/conv_model.fb
04-19 02:48:49.742 16771 16938 I native  : I0000 00:00:1776559729.742778   16938 tflite_model_pooled_runner.cc:636] Loading mlkit-google-ocr-models/gocr/gocr_models/line_recognition_legacy_mobile/Latn_ctc/optical/lstm_model.fb
04-19 02:48:49.744 16771 16927 I native  : I0000 00:00:1776559729.744133   16927 tflite_model_pooled_runner.cc:625] Loading mlkit-google-ocr-models/gocr/layout/line_splitting_custom_ops/model.tflite
04-19 02:48:49.745 16771 16927 I native  : I0000 00:00:1776559729.745923   16927 tflite_model_pooled_runner.cc:836] Resizing interpreter pool to 1
04-19 02:48:49.746 16771 16927 I native  : I0000 00:00:1776559729.746145   16927 tflite_model_pooled_runner.cc:625] Loading mlkit-google-ocr-models/gocr/layout/line_clustering_custom_ops/model.tflite
04-19 02:48:49.747 16771 16927 I native  : I0000 00:00:1776559729.747094   16927 tflite_model_pooled_runner.cc:836] Resizing interpreter pool to 1
04-19 02:48:49.750 16771 16938 I native  : I0000 00:00:1776559729.750826   16938 tflite_model_pooled_runner.cc:836] Resizing interpreter pool to 4
04-19 02:48:49.753 16771 16938 I native  : I0000 00:00:1776559729.753252   16938 mobile_langid_v2.cc:58] MobileLangID V2 initialized.
04-19 02:48:49.753 16771 16938 I native  : I0000 00:00:1776559729.753397   16938 multi_pass_line_recognition_mutator.cc:364] Finished preloading a recognizer for "Latn"
04-19 02:48:49.753 16771 16928 I native  : I0000 00:00:1776559729.753941   16928 multi_pass_line_recognition_mutator.cc:398] Finished preloading recognizers.
04-19 02:48:49.756 16771 16925 D PipelineManager: Start process bitmap
04-19 02:48:49.756 16771 16925 I native  : I0000 00:00:1776559729.756747   16925 scheduler.cc:693] ImageMetadata: 1392x1856
04-19 02:48:49.770 16771 16927 I tflite  : Replacing 44 out of 46 node(s) with delegate (TfLiteXNNPackDelegate) node, yielding 3 partitions for the whole graph.
04-19 02:48:49.783 16771 16927 I tflite  : Replacing 44 out of 46 node(s) with delegate (TfLiteXNNPackDelegate) node, yielding 3 partitions for the whole graph.
04-19 02:48:49.792 16771 16927 I tflite  : Replacing 44 out of 46 node(s) with delegate (TfLiteXNNPackDelegate) node, yielding 3 partitions for the whole graph.
04-19 02:48:49.886 16771 16927 I tflite  : Replacing 44 out of 46 node(s) with delegate (TfLiteXNNPackDelegate) node, yielding 3 partitions for the whole graph.
04-19 02:48:49.890 16771 16927 I tflite  : Replacing 44 out of 46 node(s) with delegate (TfLiteXNNPackDelegate) node, yielding 3 partitions for the whole graph.
04-19 02:48:49.897 16771 16925 D PipelineManager: OCR process succeeded via visionkit pipeline.
04-19 02:48:49.907 16771 16920 D TransportRuntime.SQLiteEventStore: Storing event with priority=VERY_LOW, name=FIREBASE_ML_SDK for destination cct
04-19 02:48:49.917 16771 16920 D TransportRuntime.JobInfoScheduler: Upload for context TransportContext(cct, VERY_LOW, MSRodHRwczovL2ZpcmViYXNlbG9nZ2luZy5nb29nbGVhcGlzLmNvbS92MGNjL2xvZy9iYXRjaD9mb3JtYXQ9anNvbl9wcm90bzNc) is already scheduled. Returning...
04-19 02:48:49.930 16771 16920 D TransportRuntime.SQLiteEventStore: Storing event with priority=VERY_LOW, name=FIREBASE_ML_SDK for destination cct
04-19 02:48:49.939 16771 16920 D TransportRuntime.JobInfoScheduler: Upload for context TransportContext(cct, VERY_LOW, MSRodHRwczovL2ZpcmViYXNlbG9nZ2luZy5nb29nbGVhcGlzLmNvbS92MGNjL2xvZy9iYXRjaD9mb3JtYXQ9anNvbl9wcm90bzNc) is already scheduled. Returning...
04-19 02:48:50.038 16771 16797 D TrafficStats: tagSocket(115) with statsTag=0xffffffff, statsUid=-1
04-19 02:48:50.223 16771 16791 D EGL_emulation: app_time_stats: avg=43.32ms min=12.76ms max=498.91ms count=32
04-19 02:48:51.238 16771 16791 D EGL_emulation: app_time_stats: avg=507.59ms min=497.62ms max=517.56ms count=2
04-19 02:48:52.238 16771 16791 D EGL_emulation: app_time_stats: avg=500.12ms min=499.83ms max=500.41ms count=2
04-19 02:48:52.456 16771 16797 D LLMRepository: Raw show-me LLM response: {
04-19 02:48:52.456 16771 16797 D LLMRepository:   "message": "I can circle the house for you. It's the main green structure with a brown roof and a purple door.",
04-19 02:48:52.456 16771 16797 D LLMRepository:   "annotate": "Draw a red circle around the green house with the brown roof and purple door."
04-19 02:48:52.456 16771 16797 D LLMRepository: }
04-19 02:48:53.238 16771 16791 D EGL_emulation: app_time_stats: avg=500.04ms min=498.94ms max=501.14ms count=2
04-19 02:48:54.239 16771 16791 D EGL_emulation: app_time_stats: avg=500.27ms min=498.94ms max=501.60ms count=2
04-19 02:48:55.738 16771 16791 D EGL_emulation: app_time_stats: avg=499.77ms min=498.33ms max=501.47ms count=3
04-19 02:48:56.754 16771 16791 D EGL_emulation: app_time_stats: avg=507.67ms min=498.38ms max=516.96ms count=2
04-19 02:48:57.755 16771 16791 D EGL_emulation: app_time_stats: avg=500.39ms min=500.38ms max=500.40ms count=2
04-19 02:48:59.256 16771 16791 D EGL_emulation: app_time_stats: avg=500.56ms min=498.48ms max=501.94ms count=3
04-19 02:49:00.184 16771 16797 D ShowMeImageStore: Saved annotated image to /data/user/0/com.meemaw.assist/cache/show_me_capture/annotated_3826890518625111413.png (857310 bytes)
04-19 02:49:00.292 16771 16791 D EGL_emulation: app_time_stats: avg=345.02ms min=83.96ms max=503.87ms count=3
04-19 02:49:01.771 16771 16791 D EGL_emulation: app_time_stats: avg=66.64ms min=1.54ms max=500.83ms count=19
04-19 02:49:02.771 16771 16791 D EGL_emulation: app_time_stats: avg=499.92ms min=499.38ms max=500.46ms count=2
04-19 02:49:04.288 16771 16791 D EGL_emulation: app_time_stats: avg=505.69ms min=499.32ms max=517.92ms count=3
04-19 02:49:05.787 16771 16791 D EGL_emulation: app_time_stats: avg=499.61ms min=499.02ms max=500.28ms count=3
04-19 02:49:07.289 16771 16791 D EGL_emulation: app_time_stats: avg=500.73ms min=499.91ms max=502.36ms count=3
04-19 02:49:08.790 16771 16791 D EGL_emulation: app_time_stats: avg=500.01ms min=497.78ms max=501.67ms count=3
04-19 02:49:09.804 16771 16791 D EGL_emulation: app_time_stats: avg=507.21ms min=500.08ms max=514.33ms count=2
04-19 02:49:10.804 16771 16791 D EGL_emulation: app_time_stats: avg=500.06ms min=499.68ms max=500.44ms count=2
04-19 02:49:11.806 16771 16791 D EGL_emulation: app_time_stats: avg=500.93ms min=499.45ms max=502.41ms count=2
04-19 02:49:13.303 16771 16791 D EGL_emulation: app_time_stats: avg=499.07ms min=497.23ms max=501.11ms count=3
04-19 02:49:14.320 16771 16791 D EGL_emulation: app_time_stats: avg=508.18ms min=499.15ms max=517.20ms count=2
04-19 02:49:15.322 16771 16791 D EGL_emulation: app_time_stats: avg=501.10ms min=500.57ms max=501.62ms count=2
04-19 02:49:16.323 16771 16791 D EGL_emulation: app_time_stats: avg=500.57ms min=497.60ms max=503.53ms count=2
04-19 02:49:17.324 16771 16791 D EGL_emulation: app_time_stats: avg=500.08ms min=497.59ms max=502.58ms count=2
04-19 02:49:18.337 16771 16791 D EGL_emulation: app_time_stats: avg=506.74ms min=499.11ms max=514.36ms count=2
04-19 02:49:19.837 16771 16791 D EGL_emulation: app_time_stats: avg=499.87ms min=499.30ms max=500.23ms count=3
04-19 02:49:21.337 16771 16791 D EGL_emulation: app_time_stats: avg=499.95ms min=498.64ms max=500.74ms count=3
04-19 02:49:22.355 16771 16791 D EGL_emulation: app_time_stats: avg=508.75ms min=500.46ms max=517.04ms count=2
04-19 02:49:23.853 16771 16791 D EGL_emulation: app_time_stats: avg=499.38ms min=499.03ms max=499.67ms count=3
04-19 02:49:24.854 16771 16791 D EGL_emulation: app_time_stats: avg=500.47ms min=499.64ms max=501.30ms count=2
04-19 02:49:26.353 16771 16791 D EGL_emulation: app_time_stats: avg=499.69ms min=498.93ms max=500.23ms count=3
04-19 02:49:27.371 16771 16791 D EGL_emulation: app_time_stats: avg=508.94ms min=501.17ms max=516.72ms count=2
04-19 02:49:28.871 16771 16791 D EGL_emulation: app_time_stats: avg=499.78ms min=499.46ms max=500.32ms count=3
04-19 02:49:30.386 16771 16791 D EGL_emulation: app_time_stats: avg=504.98ms min=499.44ms max=515.22ms count=3
04-19 02:49:31.388 16771 16791 D EGL_emulation: app_time_stats: avg=500.76ms min=499.67ms max=501.86ms count=2
04-19 02:49:32.887 16771 16791 D EGL_emulation: app_time_stats: avg=499.64ms min=499.21ms max=499.93ms count=3
04-19 02:49:33.905 16771 16791 D EGL_emulation: app_time_stats: avg=508.80ms min=502.04ms max=515.57ms count=2
04-19 02:49:34.905 16771 16791 D EGL_emulation: app_time_stats: avg=500.18ms min=492.56ms max=507.81ms count=2
